Archive member included to satisfy reference by file (symbol)

d:/program files (x86)/atollic/truestudio for stm32 9.3.0/armtools/bin/../lib/gcc/arm-atollic-eabi/6.3.1/../../../../arm-atollic-eabi/lib/armv7-m\libc_nano.a(lib_a-errno.o)
                              Src\syscalls.o (__errno)
d:/program files (x86)/atollic/truestudio for stm32 9.3.0/armtools/bin/../lib/gcc/arm-atollic-eabi/6.3.1/../../../../arm-atollic-eabi/lib/armv7-m\libc_nano.a(lib_a-impure.o)
                              d:/program files (x86)/atollic/truestudio for stm32 9.3.0/armtools/bin/../lib/gcc/arm-atollic-eabi/6.3.1/../../../../arm-atollic-eabi/lib/armv7-m\libc_nano.a(lib_a-errno.o) (_impure_ptr)
d:/program files (x86)/atollic/truestudio for stm32 9.3.0/armtools/bin/../lib/gcc/arm-atollic-eabi/6.3.1/../../../../arm-atollic-eabi/lib/armv7-m\libc_nano.a(lib_a-init.o)
                              startup\startup_stm32f103xb.o (__libc_init_array)
d:/program files (x86)/atollic/truestudio for stm32 9.3.0/armtools/bin/../lib/gcc/arm-atollic-eabi/6.3.1/../../../../arm-atollic-eabi/lib/armv7-m\libc_nano.a(lib_a-memset.o)
                              Drivers\STM32F1xx_HAL_Driver\Src\stm32f1xx_hal_adc_ex.o (memset)
d:/program files (x86)/atollic/truestudio for stm32 9.3.0/armtools/bin/../lib/gcc/arm-atollic-eabi/6.3.1/../../../../arm-atollic-eabi/lib/armv7-m\libc_nano.a(lib_a-sprintf.o)
                              Src\main.o (sprintf)
d:/program files (x86)/atollic/truestudio for stm32 9.3.0/armtools/bin/../lib/gcc/arm-atollic-eabi/6.3.1/../../../../arm-atollic-eabi/lib/armv7-m\libc_nano.a(lib_a-nano-svfprintf.o)
                              d:/program files (x86)/atollic/truestudio for stm32 9.3.0/armtools/bin/../lib/gcc/arm-atollic-eabi/6.3.1/../../../../arm-atollic-eabi/lib/armv7-m\libc_nano.a(lib_a-sprintf.o) (_svfprintf_r)
d:/program files (x86)/atollic/truestudio for stm32 9.3.0/armtools/bin/../lib/gcc/arm-atollic-eabi/6.3.1/../../../../arm-atollic-eabi/lib/armv7-m\libc_nano.a(lib_a-nano-vfprintf_i.o)
                              d:/program files (x86)/atollic/truestudio for stm32 9.3.0/armtools/bin/../lib/gcc/arm-atollic-eabi/6.3.1/../../../../arm-atollic-eabi/lib/armv7-m\libc_nano.a(lib_a-nano-svfprintf.o) (_printf_i)
d:/program files (x86)/atollic/truestudio for stm32 9.3.0/armtools/bin/../lib/gcc/arm-atollic-eabi/6.3.1/../../../../arm-atollic-eabi/lib/armv7-m\libc_nano.a(lib_a-memchr-stub.o)
                              d:/program files (x86)/atollic/truestudio for stm32 9.3.0/armtools/bin/../lib/gcc/arm-atollic-eabi/6.3.1/../../../../arm-atollic-eabi/lib/armv7-m\libc_nano.a(lib_a-nano-svfprintf.o) (memchr)
d:/program files (x86)/atollic/truestudio for stm32 9.3.0/armtools/bin/../lib/gcc/arm-atollic-eabi/6.3.1/../../../../arm-atollic-eabi/lib/armv7-m\libc_nano.a(lib_a-memcpy-stub.o)
                              d:/program files (x86)/atollic/truestudio for stm32 9.3.0/armtools/bin/../lib/gcc/arm-atollic-eabi/6.3.1/../../../../arm-atollic-eabi/lib/armv7-m\libc_nano.a(lib_a-nano-svfprintf.o) (memcpy)
d:/program files (x86)/atollic/truestudio for stm32 9.3.0/armtools/bin/../lib/gcc/arm-atollic-eabi/6.3.1/../../../../arm-atollic-eabi/lib/armv7-m\libc_nano.a(lib_a-memmove.o)
                              d:/program files (x86)/atollic/truestudio for stm32 9.3.0/armtools/bin/../lib/gcc/arm-atollic-eabi/6.3.1/../../../../arm-atollic-eabi/lib/armv7-m\libc_nano.a(lib_a-nano-svfprintf.o) (memmove)
d:/program files (x86)/atollic/truestudio for stm32 9.3.0/armtools/bin/../lib/gcc/arm-atollic-eabi/6.3.1/../../../../arm-atollic-eabi/lib/armv7-m\libc_nano.a(lib_a-nano-freer.o)
                              d:/program files (x86)/atollic/truestudio for stm32 9.3.0/armtools/bin/../lib/gcc/arm-atollic-eabi/6.3.1/../../../../arm-atollic-eabi/lib/armv7-m\libc_nano.a(lib_a-nano-svfprintf.o) (_free_r)
d:/program files (x86)/atollic/truestudio for stm32 9.3.0/armtools/bin/../lib/gcc/arm-atollic-eabi/6.3.1/../../../../arm-atollic-eabi/lib/armv7-m\libc_nano.a(lib_a-nano-mallocr.o)
                              d:/program files (x86)/atollic/truestudio for stm32 9.3.0/armtools/bin/../lib/gcc/arm-atollic-eabi/6.3.1/../../../../arm-atollic-eabi/lib/armv7-m\libc_nano.a(lib_a-nano-svfprintf.o) (_malloc_r)
d:/program files (x86)/atollic/truestudio for stm32 9.3.0/armtools/bin/../lib/gcc/arm-atollic-eabi/6.3.1/../../../../arm-atollic-eabi/lib/armv7-m\libc_nano.a(lib_a-nano-reallocr.o)
                              d:/program files (x86)/atollic/truestudio for stm32 9.3.0/armtools/bin/../lib/gcc/arm-atollic-eabi/6.3.1/../../../../arm-atollic-eabi/lib/armv7-m\libc_nano.a(lib_a-nano-svfprintf.o) (_realloc_r)
d:/program files (x86)/atollic/truestudio for stm32 9.3.0/armtools/bin/../lib/gcc/arm-atollic-eabi/6.3.1/../../../../arm-atollic-eabi/lib/armv7-m\libc_nano.a(lib_a-sbrkr.o)
[...]
Memory Configuration

Name             Origin             Length             Attributes
RAM              0x20000000         0x00005000         xrw
FLASH            0x08000000         0x00010000         xr
*default*        0x00000000         0xffffffff

Linker script and memory map

LOAD d:/program files (x86)/atollic/truestudio for stm32 9.3.0/armtools/bin/../lib/gcc/arm-atollic-eabi/6.3.1/armv7-m/crti.o
LOAD d:/program files (x86)/atollic/truestudio for stm32 9.3.0/armtools/bin/../lib/gcc/arm-atollic-eabi/6.3.1/armv7-m/crtbegin.o
LOAD Drivers\STM32F1xx_HAL_Driver\Src\stm32f1xx_hal.o
LOAD Drivers\STM32F1xx_HAL_Driver\Src\stm32f1xx_hal_adc.o
LOAD Drivers\STM32F1xx_HAL_Driver\Src\stm32f1xx_hal_adc_ex.o
LOAD Drivers\STM32F1xx_HAL_Driver\Src\stm32f1xx_hal_cortex.o
LOAD Drivers\STM32F1xx_HAL_Driver\Src\stm32f1xx_hal_dma.o
LOAD Drivers\STM32F1xx_HAL_Driver\Src\stm32f1xx_hal_exti.o
LOAD Drivers\STM32F1xx_HAL_Driver\Src\stm32f1xx_hal_flash.o
LOAD Drivers\STM32F1xx_HAL_Driver\Src\stm32f1xx_hal_flash_ex.o
LOAD Drivers\STM32F1xx_HAL_Driver\Src\stm32f1xx_hal_gpio.o
LOAD Drivers\STM32F1xx_HAL_Driver\Src\stm32f1xx_hal_gpio_ex.o
LOAD Drivers\STM32F1xx_HAL_Driver\Src\stm32f1xx_hal_i2c.o
LOAD Drivers\STM32F1xx_HAL_Driver\Src\stm32f1xx_hal_pwr.o
LOAD Drivers\STM32F1xx_HAL_Driver\Src\stm32f1xx_hal_rcc.o
LOAD Drivers\STM32F1xx_HAL_Driver\Src\stm32f1xx_hal_rcc_ex.o
LOAD Drivers\STM32F1xx_HAL_Driver\Src\stm32f1xx_hal_tim.o
LOAD Drivers\STM32F1xx_HAL_Driver\Src\stm32f1xx_hal_tim_ex.o
LOAD Drivers\STM32F1xx_HAL_Driver\Src\stm32f1xx_hal_uart.o
LOAD Src\i2c-lcd.o
LOAD Src\main.o
LOAD Src\stm32f1xx_hal_msp.o
LOAD Src\stm32f1xx_it.o
LOAD Src\syscalls.o
LOAD Src\system_stm32f1xx.o
LOAD startup\startup_stm32f103xb.o
                0x00000080                malloc_getpagesize_P = 0x80
START GROUP
LOAD d:/program files (x86)/atollic/truestudio for stm32 9.3.0/armtools/bin/../lib/gcc/arm-atollic-eabi/6.3.1/../../../../arm-atollic-eabi/lib/armv7-m\libc_nano.a
LOAD d:/program files (x86)/atollic/truestudio for stm32 9.3.0/armtools/bin/../lib/gcc/arm-atollic-eabi/6.3.1/../../../../arm-atollic-eabi/lib/armv7-m\libm.a
END GROUP
START GROUP
LOAD d:/program files (x86)/atollic/truestudio for stm32 9.3.0/armtools/bin/../lib/gcc/arm-atollic-eabi/6.3.1/armv7-m\libgcc.a
LOAD d:/program files (x86)/atollic/truestudio for stm32 9.3.0/armtools/bin/../lib/gcc/arm-atollic-eabi/6.3.1/../../../../arm-atollic-eabi/lib/armv7-m\libc_nano.a
END GROUP
START GROUP
LOAD d:/program files (x86)/atollic/truestudio for stm32 9.3.0/armtools/bin/../lib/gcc/arm-atollic-eabi/6.3.1/armv7-m\libgcc.a
LOAD d:/program files (x86)/atollic/truestudio for stm32 9.3.0/armtools/bin/../lib/gcc/arm-atollic-eabi/6.3.1/../../../../arm-atollic-eabi/lib/armv7-m\libc_nano.a
LOAD d:/program files (x86)/atollic/truestudio for stm32 9.3.0/armtools/bin/../lib/gcc/arm-atollic-eabi/6.3.1/../../../../arm-atollic-eabi/lib/armv7-m\libnosys.a
END GROUP
START GROUP
LOAD d:/program files (x86)/atollic/truestudio for stm32 9.3.0/armtools/bin/../lib/gcc/arm-atollic-eabi/6.3.1/armv7-m\libgcc.a
LOAD d:/program files (x86)/atollic/truestudio for stm32 9.3.0/armtools/bin/../lib/gcc/arm-atollic-eabi/6.3.1/../../../../arm-atollic-eabi/lib/armv7-m\libc_nano.a
LOAD d:/program files (x86)/atollic/truestudio for stm32 9.3.0/armtools/bin/../lib/gcc/arm-atollic-eabi/6.3.1/../../../../arm-atollic-eabi/lib/armv7-m\libnosys.a
END GROUP
LOAD d:/program files (x86)/atollic/truestudio for stm32 9.3.0/armtools/bin/../lib/gcc/arm-atollic-eabi/6.3.1/armv7-m/crtend.o
LOAD d:/program files (x86)/atollic/truestudio for stm32 9.3.0/armtools/bin/../lib/gcc/arm-atollic-eabi/6.3.1/armv7-m/crtn.o
                0x20005000                _estack = 0x20005000
                0x00000200                _Min_Heap_Size = 0x200
                0x00000400                _Min_Stack_Size = 0x400

.isr_vector     0x08000000      0x10c
                0x08000000                . = ALIGN (0x4)
 *(.isr_vector)
 .isr_vector    0x08000000      0x10c startup\startup_stm32f103xb.o
                0x08000000                g_pfnVectors
                0x0800010c                . = ALIGN (0x4)

.text           0x0800010c     0x534c
                0x0800010c                . = ALIGN (0x4)
 *(.text)
 .text          0x0800010c       0x40 d:/program files (x86)/atollic/truestudio for stm32 9.3.0/armtools/bin/../lib/gcc/arm-atollic-eabi/6.3.1/armv7-m/crtbegin.o
 *(.text*)
 .text.HAL_Init
                0x0800014c       0x2c Drivers\STM32F1xx_HAL_Driver\Src\stm32f1xx_hal.o
                0x0800014c                HAL_Init
 .text.HAL_InitTick
                0x08000178       0x60 Drivers\STM32F1xx_HAL_Driver\Src\stm32f1xx_hal.o
                0x08000178                HAL_InitTick
 .text.HAL_IncTick
                0x080001d8       0x24 Drivers\STM32F1xx_HAL_Driver\Src\stm32f1xx_hal.o
                0x080001d8                HAL_IncTick
 .text.HAL_GetTick
                0x080001fc       0x14 Drivers\STM32F1xx_HAL_Driver\Src\stm32f1xx_hal.o
                0x080001fc                HAL_GetTick
 .text.HAL_Delay
                0x08000210       0x44 Drivers\STM32F1xx_HAL_Driver\Src\stm32f1xx_hal.o
                0x08000210                HAL_Delay
 .text.HAL_ADC_Init
                0x08000254      0x1b0 Drivers\STM32F1xx_HAL_Driver\Src\stm32f1xx_hal_adc.o
                0x08000254                HAL_ADC_Init
 .text.HAL_ADC_Start
                0x08000404      0x15c Drivers\STM32F1xx_HAL_Driver\Src\stm32f1xx_hal_adc.o
                0x08000404                HAL_ADC_Start
 .text.HAL_ADC_PollForConversion
                0x08000560      0x20c Drivers\STM32F1xx_HAL_Driver\Src\stm32f1xx_hal_adc.o
                0x08000560                HAL_ADC_PollForConversion
 .text.HAL_ADC_GetValue
                0x0800076c       0x18 Drivers\STM32F1xx_HAL_Driver\Src\stm32f1xx_hal_adc.o
                0x0800076c                HAL_ADC_GetValue
 .text.HAL_ADC_ConfigChannel
                0x08000784      0x1f0 Drivers\STM32F1xx_HAL_Driver\Src\stm32f1xx_hal_adc.o
                0x08000784                HAL_ADC_ConfigChannel
 .text.ADC_Enable
                0x08000974       0xb4 Drivers\STM32F1xx_HAL_Driver\Src\stm32f1xx_hal_adc.o
                0x08000974                ADC_Enable
 .text.ADC_ConversionStop_Disable
                0x08000a28       0x82 Drivers\STM32F1xx_HAL_Driver\Src\stm32f1xx_hal_adc.o
                0x08000a28                ADC_ConversionStop_Disable
 *fill*         0x08000aaa        0x2 
 .text.HAL_ADCEx_Calibration_Start
                0x08000aac      0x158 Drivers\STM32F1xx_HAL_Driver\Src\stm32f1xx_hal_adc_ex.o
                0x08000aac                HAL_ADCEx_Calibration_Start
 .text.__NVIC_SetPriorityGrouping
                0x08000c04       0x48 Drivers\STM32F1xx_HAL_Driver\Src\stm32f1xx_hal_cortex.o
 .text.__NVIC_GetPriorityGrouping
                0x08000c4c       0x1c Drivers\STM32F1xx_HAL_Driver\Src\stm32f1xx_hal_cortex.o
 .text.__NVIC_EnableIRQ
                0x08000c68       0x38 Drivers\STM32F1xx_HAL_Driver\Src\stm32f1xx_hal_cortex.o
 .text.__NVIC_SetPriority
                0x08000ca0       0x54 Drivers\STM32F1xx_HAL_Driver\Src\stm32f1xx_hal_cortex.o
 .text.NVIC_EncodePriority
                0x08000cf4       0x60 Drivers\STM32F1xx_HAL_Driver\Src\stm32f1xx_hal_cortex.o
 .text.SysTick_Config
                0x08000d54       0x44 Drivers\STM32F1xx_HAL_Driver\Src\stm32f1xx_hal_cortex.o
 .text.HAL_NVIC_SetPriorityGrouping
                0x08000d98       0x16 Drivers\STM32F1xx_HAL_Driver\Src\stm32f1xx_hal_cortex.o
                0x08000d98                HAL_NVIC_SetPriorityGrouping
 .text.HAL_NVIC_SetPriority
                0x08000dae       0x38 Drivers\STM32F1xx_HAL_Driver\Src\stm32f1xx_hal_cortex.o
                0x08000dae                HAL_NVIC_SetPriority
 .text.HAL_NVIC_EnableIRQ
                0x08000de6       0x1c Drivers\STM32F1xx_HAL_Driver\Src\stm32f1xx_hal_cortex.o
                0x08000de6                HAL_NVIC_EnableIRQ
 .text.HAL_SYSTICK_Config
                0x08000e02       0x18 Drivers\STM32F1xx_HAL_Driver\Src\stm32f1xx_hal_cortex.o
                0x08000e02                HAL_SYSTICK_Config
 .text.HAL_DMA_Abort
                0x08000e1a       0x74 Drivers\STM32F1xx_HAL_Driver\Src\stm32f1xx_hal_dma.o
                0x08000e1a                HAL_DMA_Abort
 *fill*         0x08000e8e        0x2 
 .text.HAL_DMA_Abort_IT
                0x08000e90       0xf8 Drivers\STM32F1xx_HAL_Driver\Src\stm32f1xx_hal_dma.o
                0x08000e90                HAL_DMA_Abort_IT
 .text.HAL_GPIO_Init
                0x08000f88      0x2b4 Drivers\STM32F1xx_HAL_Driver\Src\stm32f1xx_hal_gpio.o
                0x08000f88                HAL_GPIO_Init
 .text.HAL_GPIO_WritePin
                0x0800123c       0x30 Drivers\STM32F1xx_HAL_Driver\Src\stm32f1xx_hal_gpio.o
                0x0800123c                HAL_GPIO_WritePin
 .text.HAL_I2C_Init
                0x0800126c      0x270 Drivers\STM32F1xx_HAL_Driver\Src\stm32f1xx_hal_i2c.o
                0x0800126c                HAL_I2C_Init
 .text.HAL_I2C_Master_Transmit
                0x080014dc      0x1fc Drivers\STM32F1xx_HAL_Driver\Src\stm32f1xx_hal_i2c.o
                0x080014dc                HAL_I2C_Master_Transmit
 .text.I2C_MasterRequestWrite
                0x080016d8      0x104 Drivers\STM32F1xx_HAL_Driver\Src\stm32f1xx_hal_i2c.o
 .text.I2C_WaitOnFlagUntilTimeout
                0x080017dc       0xae Drivers\STM32F1xx_HAL_Driver\Src\stm32f1xx_hal_i2c.o
 .text.I2C_WaitOnMasterAddressFlagUntilTimeout
                0x0800188a       0xfe Drivers\STM32F1xx_HAL_Driver\Src\stm32f1xx_hal_i2c.o
 .text.I2C_WaitOnTXEFlagUntilTimeout
                0x08001988       0x82 Drivers\STM32F1xx_HAL_Driver\Src\stm32f1xx_hal_i2c.o
 .text.I2C_WaitOnBTFFlagUntilTimeout
                0x08001a0a       0x82 Drivers\STM32F1xx_HAL_Driver\Src\stm32f1xx_hal_i2c.o
 .text.I2C_IsAcknowledgeFailed
                0x08001a8c       0x5c Drivers\STM32F1xx_HAL_Driver\Src\stm32f1xx_hal_i2c.o
 .text.HAL_RCC_OscConfig
                0x08001ae8      0x500 Drivers\STM32F1xx_HAL_Driver\Src\stm32f1xx_hal_rcc.o
                0x08001ae8                HAL_RCC_OscConfig
 .text.HAL_RCC_ClockConfig
                0x08001fe8      0x1d4 Drivers\STM32F1xx_HAL_Driver\Src\stm32f1xx_hal_rcc.o
                0x08001fe8                HAL_RCC_ClockConfig
 .text.HAL_RCC_GetSysClockFreq
                0x080021bc       0xc4 Drivers\STM32F1xx_HAL_Driver\Src\stm32f1xx_hal_rcc.o
                0x080021bc                HAL_RCC_GetSysClockFreq
 .text.HAL_RCC_GetHCLKFreq
                0x08002280       0x14 Drivers\STM32F1xx_HAL_Driver\Src\stm32f1xx_hal_rcc.o
                0x08002280                HAL_RCC_GetHCLKFreq
 .text.HAL_RCC_GetPCLK1Freq
                0x08002294       0x28 Drivers\STM32F1xx_HAL_Driver\Src\stm32f1xx_hal_rcc.o
                0x08002294                HAL_RCC_GetPCLK1Freq
 .text.HAL_RCC_GetPCLK2Freq
                0x080022bc       0x28 Drivers\STM32F1xx_HAL_Driver\Src\stm32f1xx_hal_rcc.o
                0x080022bc                HAL_RCC_GetPCLK2Freq
 .text.RCC_Delay
                0x080022e4       0x3c Drivers\STM32F1xx_HAL_Driver\Src\stm32f1xx_hal_rcc.o
 .text.HAL_RCCEx_PeriphCLKConfig
                0x08002320      0x16c Drivers\STM32F1xx_HAL_Driver\Src\stm32f1xx_hal_rcc_ex.o
                0x08002320                HAL_RCCEx_PeriphCLKConfig
 .text.HAL_RCCEx_GetPeriphCLKFreq
                0x0800248c      0x178 Drivers\STM32F1xx_HAL_Driver\Src\stm32f1xx_hal_rcc_ex.o
                0x0800248c                HAL_RCCEx_GetPeriphCLKFreq
 .text.HAL_TIM_Base_Init
                0x08002604       0x9e Drivers\STM32F1xx_HAL_Driver\Src\stm32f1xx_hal_tim.o
                0x08002604                HAL_TIM_Base_Init
 .text.HAL_TIM_PWM_Init
                0x080026a2       0x9e Drivers\STM32F1xx_HAL_Driver\Src\stm32f1xx_hal_tim.o
                0x080026a2                HAL_TIM_PWM_Init
 .text.HAL_TIM_PWM_MspInit
                0x08002740       0x12 Drivers\STM32F1xx_HAL_Driver\Src\stm32f1xx_hal_tim.o
                0x08002740                HAL_TIM_PWM_MspInit
 *fill*         0x08002752        0x2 
 .text.HAL_TIM_PWM_Start
                0x08002754      0x144 Drivers\STM32F1xx_HAL_Driver\Src\stm32f1xx_hal_tim.o
                0x08002754                HAL_TIM_PWM_Start
 .text.HAL_TIM_IRQHandler
                0x08002898      0x210 Drivers\STM32F1xx_HAL_Driver\Src\stm32f1xx_hal_tim.o
                0x08002898                HAL_TIM_IRQHandler
 .text.HAL_TIM_PWM_ConfigChannel
                0x08002aa8      0x17c Drivers\STM32F1xx_HAL_Driver\Src\stm32f1xx_hal_tim.o
                0x08002aa8                HAL_TIM_PWM_ConfigChannel
 .text.HAL_TIM_ConfigClockSource
                0x08002c24      0x16e Drivers\STM32F1xx_HAL_Driver\Src\stm32f1xx_hal_tim.o
                0x08002c24                HAL_TIM_ConfigClockSource
 .text.HAL_TIM_PeriodElapsedCallback
                0x08002d92       0x12 Drivers\STM32F1xx_HAL_Driver\Src\stm32f1xx_hal_tim.o
                0x08002d92                HAL_TIM_PeriodElapsedCallback
 .text.HAL_TIM_OC_DelayElapsedCallback
                0x08002da4       0x12 Drivers\STM32F1xx_HAL_Driver\Src\stm32f1xx_hal_tim.o
                0x08002da4                HAL_TIM_OC_DelayElapsedCallback
 .text.HAL_TIM_IC_CaptureCallback
                0x08002db6       0x12 Drivers\STM32F1xx_HAL_Driver\Src\stm32f1xx_hal_tim.o
                0x08002db6                HAL_TIM_IC_CaptureCallback
 .text.HAL_TIM_PWM_PulseFinishedCallback
                0x08002dc8       0x12 Drivers\STM32F1xx_HAL_Driver\Src\stm32f1xx_hal_tim.o
                0x08002dc8                HAL_TIM_PWM_PulseFinishedCallback
 .text.HAL_TIM_TriggerCallback
                0x08002dda       0x12 Drivers\STM32F1xx_HAL_Driver\Src\stm32f1xx_hal_tim.o
                0x08002dda                HAL_TIM_TriggerCallback
 .text.TIM_Base_SetConfig
                0x08002dec       0xc4 Drivers\STM32F1xx_HAL_Driver\Src\stm32f1xx_hal_tim.o
                0x08002dec                TIM_Base_SetConfig
 .text.TIM_OC1_SetConfig
                0x08002eb0       0xcc Drivers\STM32F1xx_HAL_Driver\Src\stm32f1xx_hal_tim.o
 .text.TIM_OC2_SetConfig
                0x08002f7c       0xd4 Drivers\STM32F1xx_HAL_Driver\Src\stm32f1xx_hal_tim.o
                0x08002f7c                TIM_OC2_SetConfig
 .text.TIM_OC3_SetConfig
                0x08003050       0xd4 Drivers\STM32F1xx_HAL_Driver\Src\stm32f1xx_hal_tim.o
 .text.TIM_OC4_SetConfig
                0x08003124       0x9c Drivers\STM32F1xx_HAL_Driver\Src\stm32f1xx_hal_tim.o
 .text.TIM_TI1_ConfigInputStage
                0x080031c0       0x5c Drivers\STM32F1xx_HAL_Driver\Src\stm32f1xx_hal_tim.o
 .text.TIM_TI2_ConfigInputStage
                0x0800321c       0x5e Drivers\STM32F1xx_HAL_Driver\Src\stm32f1xx_hal_tim.o
 .text.TIM_ITRx_SetConfig
                0x0800327a       0x34 Drivers\STM32F1xx_HAL_Driver\Src\stm32f1xx_hal_tim.o
 .text.TIM_ETR_SetConfig
                0x080032ae       0x3e Drivers\STM32F1xx_HAL_Driver\Src\stm32f1xx_hal_tim.o
                0x080032ae                TIM_ETR_SetConfig
 .text.TIM_CCxChannelCmd
                0x080032ec       0x48 Drivers\STM32F1xx_HAL_Driver\Src\stm32f1xx_hal_tim.o
                0x080032ec                TIM_CCxChannelCmd
 .text.HAL_TIMEx_MasterConfigSynchronization
                0x08003334       0xbc Drivers\STM32F1xx_HAL_Driver\Src\stm32f1xx_hal_tim_ex.o
                0x08003334                HAL_TIMEx_MasterConfigSynchronization
 .text.HAL_TIMEx_ConfigBreakDeadTime
                0x080033f0       0xa2 Drivers\STM32F1xx_HAL_Driver\Src\stm32f1xx_hal_tim_ex.o
                0x080033f0                HAL_TIMEx_ConfigBreakDeadTime
 .text.HAL_TIMEx_CommutCallback
                0x08003492       0x12 Drivers\STM32F1xx_HAL_Driver\Src\stm32f1xx_hal_tim_ex.o
                0x08003492                HAL_TIMEx_CommutCallback
 .text.HAL_TIMEx_BreakCallback
                0x080034a4       0x12 Drivers\STM32F1xx_HAL_Driver\Src\stm32f1xx_hal_tim_ex.o
                0x080034a4                HAL_TIMEx_BreakCallback
 .text.HAL_UART_Init
                0x080034b6       0x9a Drivers\STM32F1xx_HAL_Driver\Src\stm32f1xx_hal_uart.o
                0x080034b6                HAL_UART_Init
 .text.HAL_UART_Transmit
                0x08003550      0x122 Drivers\STM32F1xx_HAL_Driver\Src\stm32f1xx_hal_uart.o
                0x08003550                HAL_UART_Transmit
 .text.HAL_UART_Receive_IT
                0x08003672       0x60 Drivers\STM32F1xx_HAL_Driver\Src\stm32f1xx_hal_uart.o
                0x08003672                HAL_UART_Receive_IT
 *fill*         0x080036d2        0x2 
 .text.HAL_UART_IRQHandler
                0x080036d4      0x358 Drivers\STM32F1xx_HAL_Driver\Src\stm32f1xx_hal_uart.o
                0x080036d4                HAL_UART_IRQHandler
 .text.HAL_UART_TxCpltCallback
                0x08003a2c       0x12 Drivers\STM32F1xx_HAL_Driver\Src\stm32f1xx_hal_uart.o
                0x08003a2c                HAL_UART_TxCpltCallback
 .text.HAL_UART_ErrorCallback
                0x08003a3e       0x12 Drivers\STM32F1xx_HAL_Driver\Src\stm32f1xx_hal_uart.o
                0x08003a3e                HAL_UART_ErrorCallback
 .text.HAL_UARTEx_RxEventCallback
                0x08003a50       0x16 Drivers\STM32F1xx_HAL_Driver\Src\stm32f1xx_hal_uart.o
                0x08003a50                HAL_UARTEx_RxEventCallback
 .text.UART_WaitOnFlagUntilTimeout
                0x08003a66       0x94 Drivers\STM32F1xx_HAL_Driver\Src\stm32f1xx_hal_uart.o
 .text.UART_Start_Receive_IT
                0x08003afa       0x72 Drivers\STM32F1xx_HAL_Driver\Src\stm32f1xx_hal_uart.o
                0x08003afa                UART_Start_Receive_IT
 .text.UART_EndRxTransfer
                0x08003b6c       0x58 Drivers\STM32F1xx_HAL_Driver\Src\stm32f1xx_hal_uart.o
 .text.UART_DMAAbortOnError
                0x08003bc4       0x28 Drivers\STM32F1xx_HAL_Driver\Src\stm32f1xx_hal_uart.o
 .text.UART_Transmit_IT
                0x08003bec       0x9c Drivers\STM32F1xx_HAL_Driver\Src\stm32f1xx_hal_uart.o
 .text.UART_EndTransmit_IT
                0x08003c88       0x30 Drivers\STM32F1xx_HAL_Driver\Src\stm32f1xx_hal_uart.o
 .text.UART_Receive_IT
                0x08003cb8      0x152 Drivers\STM32F1xx_HAL_Driver\Src\stm32f1xx_hal_uart.o
 *fill*         0x08003e0a        0x2 
 .text.UART_SetConfig
                0x08003e0c      0x11c Drivers\STM32F1xx_HAL_Driver\Src\stm32f1xx_hal_uart.o
 .text.lcd_send_cmd
                0x08003f28       0x60 Src\i2c-lcd.o
                0x08003f28                lcd_send_cmd
 .text.lcd_send_data
                0x08003f88       0x60 Src\i2c-lcd.o
                0x08003f88                lcd_send_data
 .text.lcd_init
                0x08003fe8       0x5c Src\i2c-lcd.o
                0x08003fe8                lcd_init
 .text.lcd_send_string
                0x08004044       0x28 Src\i2c-lcd.o
                0x08004044                lcd_send_string
 .text.lcd_goto_XY
                0x0800406c       0x44 Src\i2c-lcd.o
                0x0800406c                lcd_goto_XY
 .text.HAL_UART_RxCpltCallback
                0x080040b0       0x54 Src\main.o
                0x080040b0                HAL_UART_RxCpltCallback
 .text.filter   0x08004104      0x124 Src\main.o
                0x08004104                filter
 .text.main     0x08004228      0x134 Src\main.o
                0x08004228                main
 .text.SystemClock_Config
                0x0800435c       0xb6 Src\main.o
                0x0800435c                SystemClock_Config
 *fill*         0x08004412        0x2 
 .text.MX_ADC1_Init
                0x08004414       0x7c Src\main.o
 .text.MX_I2C1_Init
                0x08004490       0x5c Src\main.o
 .text.MX_TIM1_Init
                0x080044ec      0x144 Src\main.o
 .text.MX_USART3_UART_Init
                0x08004630       0x54 Src\main.o
 .text.MX_GPIO_Init
                0x08004684       0xb0 Src\main.o
 .text.Error_Handler
                0x08004734        0x8 Src\main.o
                0x08004734                Error_Handler
 .text.HAL_MspInit
                0x0800473c       0x64 Src\stm32f1xx_hal_msp.o
                0x0800473c                HAL_MspInit
 .text.HAL_ADC_MspInit
                0x080047a0       0x78 Src\stm32f1xx_hal_msp.o
                0x080047a0                HAL_ADC_MspInit
 .text.HAL_I2C_MspInit
                0x08004818       0x7c Src\stm32f1xx_hal_msp.o
                0x08004818                HAL_I2C_MspInit
 .text.HAL_TIM_Base_MspInit
                0x08004894       0x7c Src\stm32f1xx_hal_msp.o
                0x08004894                HAL_TIM_Base_MspInit
 .text.HAL_TIM_MspPostInit
                0x08004910       0x68 Src\stm32f1xx_hal_msp.o
                0x08004910                HAL_TIM_MspPostInit
 .text.HAL_UART_MspInit
                0x08004978       0xa8 Src\stm32f1xx_hal_msp.o
                0x08004978                HAL_UART_MspInit
 .text.NMI_Handler
                0x08004a20        0x6 Src\stm32f1xx_it.o
                0x08004a20                NMI_Handler
 .text.HardFault_Handler
                0x08004a26        0x6 Src\stm32f1xx_it.o
                0x08004a26                HardFault_Handler
 .text.MemManage_Handler
                0x08004a2c        0x6 Src\stm32f1xx_it.o
                0x08004a2c                MemManage_Handler
 .text.BusFault_Handler
                0x08004a32        0x6 Src\stm32f1xx_it.o
                0x08004a32                BusFault_Handler
 .text.UsageFault_Handler
                0x08004a38        0x6 Src\stm32f1xx_it.o
                0x08004a38                UsageFault_Handler
 .text.SVC_Handler
                0x08004a3e        0xc Src\stm32f1xx_it.o
                0x08004a3e                SVC_Handler
 .text.DebugMon_Handler
                0x08004a4a        0xc Src\stm32f1xx_it.o
                0x08004a4a                DebugMon_Handler
 .text.PendSV_Handler
                0x08004a56        0xc Src\stm32f1xx_it.o
                0x08004a56                PendSV_Handler
 .text.SysTick_Handler
                0x08004a62        0xc Src\stm32f1xx_it.o
                0x08004a62                SysTick_Handler
 *fill*         0x08004a6e        0x2 
 .text.TIM1_BRK_IRQHandler
                0x08004a70       0x14 Src\stm32f1xx_it.o
                0x08004a70                TIM1_BRK_IRQHandler
 .text.TIM1_UP_IRQHandler
                0x08004a84       0x14 Src\stm32f1xx_it.o
                0x08004a84                TIM1_UP_IRQHandler
 .text.TIM1_TRG_COM_IRQHandler
                0x08004a98       0x14 Src\stm32f1xx_it.o
                0x08004a98                TIM1_TRG_COM_IRQHandler
 .text.TIM1_CC_IRQHandler
                0x08004aac       0x14 Src\stm32f1xx_it.o
                0x08004aac                TIM1_CC_IRQHandler
 .text.USART3_IRQHandler
                0x08004ac0       0x14 Src\stm32f1xx_it.o
                0x08004ac0                USART3_IRQHandler
 .text._sbrk    0x08004ad4       0x58 Src\syscalls.o
                0x08004ad4                _sbrk
 .text.SystemInit
                0x08004b2c        0xc Src\system_stm32f1xx.o
                0x08004b2c                SystemInit
 .text.Reset_Handler
                0x08004b38       0x48 startup\startup_stm32f103xb.o
                0x08004b38                Reset_Handler
 .text.Default_Handler
                0x08004b80        0x2 startup\startup_stm32f103xb.o
                0x08004b80                RTC_Alarm_IRQHandler
                0x08004b80                EXTI2_IRQHandler
                0x08004b80                PVD_IRQHandler
                0x08004b80                EXTI3_IRQHandler
                0x08004b80                EXTI0_IRQHandler
                0x08004b80                I2C2_EV_IRQHandler
                0x08004b80                ADC1_2_IRQHandler
                0x08004b80                SPI1_IRQHandler
                0x08004b80                TAMPER_IRQHandler
                0x08004b80                DMA1_Channel4_IRQHandler
                0x08004b80                RTC_IRQHandler
                0x08004b80                DMA1_Channel7_IRQHandler
                0x08004b80                CAN1_RX1_IRQHandler
                0x08004b80                TIM4_IRQHandler
                0x08004b80                I2C1_EV_IRQHandler
                0x08004b80                DMA1_Channel6_IRQHandler
                0x08004b80                TIM3_IRQHandler
                0x08004b80                RCC_IRQHandler
                0x08004b80                DMA1_Channel1_IRQHandler
                0x08004b80                Default_Handler
                0x08004b80                EXTI15_10_IRQHandler
                0x08004b80                EXTI9_5_IRQHandler
                0x08004b80                SPI2_IRQHandler
                0x08004b80                DMA1_Channel5_IRQHandler
                0x08004b80                EXTI4_IRQHandler
                0x08004b80                USB_LP_CAN1_RX0_IRQHandler
                0x08004b80                USB_HP_CAN1_TX_IRQHandler
                0x08004b80                DMA1_Channel3_IRQHandler
                0x08004b80                WWDG_IRQHandler
                0x08004b80                TIM2_IRQHandler
                0x08004b80                EXTI1_IRQHandler
                0x08004b80                USART2_IRQHandler
                0x08004b80                I2C2_ER_IRQHandler
                0x08004b80                DMA1_Channel2_IRQHandler
                0x08004b80                CAN1_SCE_IRQHandler
                0x08004b80                FLASH_IRQHandler
                0x08004b80                USART1_IRQHandler
                0x08004b80                I2C1_ER_IRQHandler
                0x08004b80                USBWakeUp_IRQHandler
 *fill*         0x08004b82        0x2 
 .text.__errno  0x08004b84        0xc d:/program files (x86)/atollic/truestudio for stm32 9.3.0/armtools/bin/../lib/gcc/arm-atollic-eabi/6.3.1/../../../../arm-atollic-eabi/lib/armv7-m\libc_nano.a(lib_a-errno.o)
                0x08004b84                __errno
 .text.__libc_init_array
                0x08004b90       0x48 d:/program files (x86)/atollic/truestudio for stm32 9.3.0/armtools/bin/../lib/gcc/arm-atollic-eabi/6.3.1/../../../../arm-atollic-eabi/lib/armv7-m\libc_nano.a(lib_a-init.o)
                0x08004b90                __libc_init_array
 .text.memset   0x08004bd8       0x10 d:/program files (x86)/atollic/truestudio for stm32 9.3.0/armtools/bin/../lib/gcc/arm-atollic-eabi/6.3.1/../../../../arm-atollic-eabi/lib/armv7-m\libc_nano.a(lib_a-memset.o)
                0x08004bd8                memset
 .text.sprintf  0x08004be8       0x48 d:/program files (x86)/atollic/truestudio for stm32 9.3.0/armtools/bin/../lib/gcc/arm-atollic-eabi/6.3.1/../../../../arm-atollic-eabi/lib/armv7-m\libc_nano.a(lib_a-sprintf.o)
                0x08004be8                siprintf
                0x08004be8                sprintf
 .text.__ssputs_r
                0x08004c30       0xb6 d:/program files (x86)/atollic/truestudio for stm32 9.3.0/armtools/bin/../lib/gcc/arm-atollic-eabi/6.3.1/../../../../arm-atollic-eabi/lib/armv7-m\libc_nano.a(lib_a-nano-svfprintf.o)
                0x08004c30                __ssputs_r
 *fill*         0x08004ce6        0x2 
 .text._svfprintf_r
                0x08004ce8      0x1e8 d:/program files (x86)/atollic/truestudio for stm32 9.3.0/armtools/bin/../lib/gcc/arm-atollic-eabi/6.3.1/../../../../arm-atollic-eabi/lib/armv7-m\libc_nano.a(lib_a-nano-svfprintf.o)
                0x08004ce8                _svfiprintf_r
                0x08004ce8                _svfprintf_r
 .text._printf_common
                0x08004ed0       0xee d:/program files (x86)/atollic/truestudio for stm32 9.3.0/armtools/bin/../lib/gcc/arm-atollic-eabi/6.3.1/../../../../arm-atollic-eabi/lib/armv7-m\libc_nano.a(lib_a-nano-vfprintf_i.o)
                0x08004ed0                _printf_common
 *fill*         0x08004fbe        0x2 
 .text._printf_i
                0x08004fc0      0x240 d:/program files (x86)/atollic/truestudio for stm32 9.3.0/armtools/bin/../lib/gcc/arm-atollic-eabi/6.3.1/../../../../arm-atollic-eabi/lib/armv7-m\libc_nano.a(lib_a-nano-vfprintf_i.o)
                0x08004fc0                _printf_i
 .text.memchr   0x08005200       0x1c d:/program files (x86)/atollic/truestudio for stm32 9.3.0/armtools/bin/../lib/gcc/arm-atollic-eabi/6.3.1/../../../../arm-atollic-eabi/lib/armv7-m\libc_nano.a(lib_a-memchr-stub.o)
                0x08005200                memchr
 .text.memcpy   0x0800521c       0x16 d:/program files (x86)/atollic/truestudio for stm32 9.3.0/armtools/bin/../lib/gcc/arm-atollic-eabi/6.3.1/../../../../arm-atollic-eabi/lib/armv7-m\libc_nano.a(lib_a-memcpy-stub.o)
                0x0800521c                memcpy
 .text.memmove  0x08005232       0x34 d:/program files (x86)/atollic/truestudio for stm32 9.3.0/armtools/bin/../lib/gcc/arm-atollic-eabi/6.3.1/../../../../arm-atollic-eabi/lib/armv7-m\libc_nano.a(lib_a-memmove.o)
                0x08005232                memmove
 *fill*         0x08005266        0x2 
 .text._free_r  0x08005268       0x98 d:/program files (x86)/atollic/truestudio for stm32 9.3.0/armtools/bin/../lib/gcc/arm-atollic-eabi/6.3.1/../../../../arm-atollic-eabi/lib/armv7-m\libc_nano.a(lib_a-nano-freer.o)
                0x08005268                _free_r
 .text._malloc_r
                0x08005300       0xbc d:/program files (x86)/atollic/truestudio for stm32 9.3.0/armtools/bin/../lib/gcc/arm-atollic-eabi/6.3.1/../../../../arm-atollic-eabi/lib/armv7-m\libc_nano.a(lib_a-nano-mallocr.o)
                0x08005300                _malloc_r
 .text._realloc_r
                0x080053bc       0x4c d:/program files (x86)/atollic/truestudio for stm32 9.3.0/armtools/bin/../lib/gcc/arm-atollic-eabi/6.3.1/../../../../arm-atollic-eabi/lib/armv7-m\libc_nano.a(lib_a-nano-reallocr.o)
                0x080053bc                _realloc_r
 .text._sbrk_r  0x08005408       0x20 d:/program files (x86)/atollic/truestudio for stm32 9.3.0/armtools/bin/../lib/gcc/arm-atollic-eabi/6.3.1/../../../../arm-atollic-eabi/lib/armv7-m\libc_nano.a(lib_a-sbrkr.o)
                0x08005408                _sbrk_r
 .text.__malloc_lock
                0x08005428        0x2 d:/program files (x86)/atollic/truestudio for stm32 9.3.0/armtools/bin/../lib/gcc/arm-atollic-eabi/6.3.1/../../../../arm-atollic-eabi/lib/armv7-m\libc_nano.a(lib_a-mlock.o)
                0x08005428                __malloc_lock
 .text.__malloc_unlock
                0x0800542a        0x2 d:/program files (x86)/atollic/truestudio for stm32 9.3.0/armtools/bin/../lib/gcc/arm-atollic-eabi/6.3.1/../../../../arm-atollic-eabi/lib/armv7-m\libc_nano.a(lib_a-mlock.o)
                0x0800542a                __malloc_unlock
 .text._malloc_usable_size_r
                0x0800542c       0x12 d:/program files (x86)/atollic/truestudio for stm32 9.3.0/armtools/bin/../lib/gcc/arm-atollic-eabi/6.3.1/../../../../arm-atollic-eabi/lib/armv7-m\libc_nano.a(lib_a-nano-msizer.o)
                0x0800542c                _malloc_usable_size_r
 *(.glue_7)
 .glue_7        0x0800543e        0x0 linker stubs
 *(.glue_7t)
 .glue_7t       0x0800543e        0x0 linker stubs
 *(.eh_frame)
 *fill*         0x0800543e        0x2 
 .eh_frame      0x08005440        0x0 d:/program files (x86)/atollic/truestudio for stm32 9.3.0/armtools/bin/../lib/gcc/arm-atollic-eabi/6.3.1/armv7-m/crtbegin.o
 *(.init)
 .init          0x08005440        0x4 d:/program files (x86)/atollic/truestudio for stm32 9.3.0/armtools/bin/../lib/gcc/arm-atollic-eabi/6.3.1/armv7-m/crti.o
                0x08005440                _init
 .init          0x08005444        0x8 d:/program files (x86)/atollic/truestudio for stm32 9.3.0/armtools/bin/../lib/gcc/arm-atollic-eabi/6.3.1/armv7-m/crtn.o
 *(.fini)
 .fini          0x0800544c        0x4 d:/program files (x86)/atollic/truestudio for stm32 9.3.0/armtools/bin/../lib/gcc/arm-atollic-eabi/6.3.1/armv7-m/crti.o
                0x0800544c                _fini
 .fini          0x08005450        0x8 d:/program files (x86)/atollic/truestudio for stm32 9.3.0/armtools/bin/../lib/gcc/arm-atollic-eabi/6.3.1/armv7-m/crtn.o
                0x08005458                . = ALIGN (0x4)
                0x08005458                _etext = .

.vfp11_veneer   0x08005458        0x0
 .vfp11_veneer  0x08005458        0x0 linker stubs

.v4_bx          0x08005458        0x0
 .v4_bx         0x08005458        0x0 linker stubs

.iplt           0x08005458        0x0
 .iplt          0x08005458        0x0 d:/program files (x86)/atollic/truestudio for stm32 9.3.0/armtools/bin/../lib/gcc/arm-atollic-eabi/6.3.1/armv7-m/crtbegin.o

.rodata         0x08005458       0x8c
                0x08005458                . = ALIGN (0x4)
 *(.rodata)
 .rodata        0x08005458       0x12 Drivers\STM32F1xx_HAL_Driver\Src\stm32f1xx_hal_rcc.o
 *fill*         0x0800546a        0x2 
 .rodata        0x0800546c       0x12 Drivers\STM32F1xx_HAL_Driver\Src\stm32f1xx_hal_rcc_ex.o
 *fill*         0x0800547e        0x2 
 .rodata        0x08005480       0x16 Src\main.o
 *(.rodata*)
 *fill*         0x08005496        0x2 
 .rodata.AHBPrescTable
                0x08005498       0x10 Src\system_stm32f1xx.o
                0x08005498                AHBPrescTable
 .rodata.APBPrescTable
                0x080054a8        0x8 Src\system_stm32f1xx.o
                0x080054a8                APBPrescTable
 .rodata._svfprintf_r.str1.1
                0x080054b0       0x11 d:/program files (x86)/atollic/truestudio for stm32 9.3.0/armtools/bin/../lib/gcc/arm-atollic-eabi/6.3.1/../../../../arm-atollic-eabi/lib/armv7-m\libc_nano.a(lib_a-nano-svfprintf.o)
 .rodata._printf_i.str1.1
                0x080054c1       0x22 d:/program files (x86)/atollic/truestudio for stm32 9.3.0/armtools/bin/../lib/gcc/arm-atollic-eabi/6.3.1/../../../../arm-atollic-eabi/lib/armv7-m\libc_nano.a(lib_a-nano-vfprintf_i.o)
                0x080054e4                . = ALIGN (0x4)
 *fill*         0x080054e3        0x1 

.rel.dyn        0x080054e4        0x0
 .rel.iplt      0x080054e4        0x0 d:/program files (x86)/atollic/truestudio for stm32 9.3.0/armtools/bin/../lib/gcc/arm-atollic-eabi/6.3.1/armv7-m/crtbegin.o

.ARM.extab
 *(.ARM.extab* .gnu.linkonce.armextab.*)

.ARM            0x080054e4        0x0
                0x080054e4                __exidx_start = .
 *(.ARM.exidx*)
                0x080054e4                __exidx_end = .

.preinit_array  0x080054e4        0x0
                0x080054e4                PROVIDE (__preinit_array_start, .)
 *(.preinit_array*)
                0x080054e4                PROVIDE (__preinit_array_end, .)

.init_array     0x080054e4        0x4
                0x080054e4                PROVIDE (__init_array_start, .)
 *(SORT(.init_array.*))
 *(.init_array*)
 .init_array    0x080054e4        0x4 d:/program files (x86)/atollic/truestudio for stm32 9.3.0/armtools/bin/../lib/gcc/arm-atollic-eabi/6.3.1/armv7-m/crtbegin.o
                0x080054e8                PROVIDE (__init_array_end, .)

.fini_array     0x080054e8        0x4
                [!provide]                PROVIDE (__fini_array_start, .)
 *(SORT(.fini_array.*))
 *(.fini_array*)
 .fini_array    0x080054e8        0x4 d:/program files (x86)/atollic/truestudio for stm32 9.3.0/armtools/bin/../lib/gcc/arm-atollic-eabi/6.3.1/armv7-m/crtbegin.o
                [!provide]                PROVIDE (__fini_array_end, .)
                0x080054ec                _sidata = LOADADDR (.data)

.data           0x20000000       0x70 load address 0x080054ec
                0x20000000                . = ALIGN (0x4)
                0x20000000                _sdata = .
 *(.data)
 *(.data*)
 .data.uwTickPrio
                0x20000000        0x4 Drivers\STM32F1xx_HAL_Driver\Src\stm32f1xx_hal.o
                0x20000000                uwTickPrio
 .data.uwTickFreq
                0x20000004        0x1 Drivers\STM32F1xx_HAL_Driver\Src\stm32f1xx_hal.o
                0x20000004                uwTickFreq
 *fill*         0x20000005        0x3 
 .data.SystemCoreClock
                0x20000008        0x4 Src\system_stm32f1xx.o
                0x20000008                SystemCoreClock
 .data._impure_ptr
                0x2000000c        0x4 d:/program files (x86)/atollic/truestudio for stm32 9.3.0/armtools/bin/../lib/gcc/arm-atollic-eabi/6.3.1/../../../../arm-atollic-eabi/lib/armv7-m\libc_nano.a(lib_a-impure.o)
                0x2000000c                _impure_ptr
 .data.impure_data
                0x20000010       0x60 d:/program files (x86)/atollic/truestudio for stm32 9.3.0/armtools/bin/../lib/gcc/arm-atollic-eabi/6.3.1/../../../../arm-atollic-eabi/lib/armv7-m\libc_nano.a(lib_a-impure.o)
                0x20000070                . = ALIGN (0x4)
                0x20000070                _edata = .

.igot.plt       0x20000070        0x0 load address 0x0800555c
 .igot.plt      0x20000070        0x0 d:/program files (x86)/atollic/truestudio for stm32 9.3.0/armtools/bin/../lib/gcc/arm-atollic-eabi/6.3.1/armv7-m/crtbegin.o
                0x20000070                . = ALIGN (0x4)

.bss            0x20000070      0x144 load address 0x0800555c
                0x20000070                _sbss = .
                0x20000070                __bss_start__ = _sbss
 *(.bss)
 .bss           0x20000070       0x1c d:/program files (x86)/atollic/truestudio for stm32 9.3.0/armtools/bin/../lib/gcc/arm-atollic-eabi/6.3.1/armv7-m/crtbegin.o
 *(.bss*)
 .bss.heap_end.5887
                0x2000008c        0x4 Src\syscalls.o
 .bss.__malloc_free_list
                0x20000090        0x4 d:/program files (x86)/atollic/truestudio for stm32 9.3.0/armtools/bin/../lib/gcc/arm-atollic-eabi/6.3.1/../../../../arm-atollic-eabi/lib/armv7-m\libc_nano.a(lib_a-nano-mallocr.o)
                0x20000090                __malloc_free_list
 .bss.__malloc_sbrk_start
                0x20000094        0x4 d:/program files (x86)/atollic/truestudio for stm32 9.3.0/armtools/bin/../lib/gcc/arm-atollic-eabi/6.3.1/../../../../arm-atollic-eabi/lib/armv7-m\libc_nano.a(lib_a-nano-mallocr.o)
                0x20000094                __malloc_sbrk_start
 *(COMMON)
 COMMON         0x20000098        0x4 Drivers\STM32F1xx_HAL_Driver\Src\stm32f1xx_hal.o
                0x20000098                uwTick
 COMMON         0x2000009c      0x111 Src\main.o
                0x2000009c                huart3
                0x200000e0                hi2c1
                0x20000134                hadc1
                0x20000164                htim1
                0x200001ac                receive_data_itr
 *fill*         0x200001ad        0x3 
 COMMON         0x200001b0        0x4 d:/program files (x86)/atollic/truestudio for stm32 9.3.0/armtools/bin/../lib/gcc/arm-atollic-eabi/6.3.1/../../../../arm-atollic-eabi/lib/armv7-m\libc_nano.a(lib_a-reent.o)
                0x200001b0                errno
                0x200001b4                . = ALIGN (0x4)
                0x200001b4                _ebss = .
                0x200001b4                __bss_end__ = _ebss

._user_heap_stack
                0x200001b4      0x600 load address 0x0800555c
                0x200001b4                . = ALIGN (0x4)
                0x200001b4                PROVIDE (end, .)
                [!provide]                PROVIDE (_end, .)
                0x200003b4                . = (. + _Min_Heap_Size)
 *fill*         0x200001b4      0x200 
                0x200007b4                . = (. + _Min_Stack_Size)
 *fill*         0x200003b4      0x400 
                0x200007b4                . = ALIGN (0x4)

/DISCARD/
 libc.a(*)
 libm.a(*)
 libgcc.a(*)

.ARM.attributes
                0x00000000       0x29
 *(.ARM.attributes)
 .ARM.attributes
                0x00000000       0x1d d:/program files (x86)/atollic/truestudio for stm32 9.3.0/armtools/bin/../lib/gcc/arm-atollic-eabi/6.3.1/armv7-m/crti.o
 .ARM.attributes
                0x0000001d       0x2d d:/program files (x86)/atollic/truestudio for stm32 9.3.0/armtools/bin/../lib/gcc/arm-atollic-eabi/6.3.1/armv7-m/crtbegin.o
 .ARM.attributes
                0x0000004a       0x33 Drivers\STM32F1xx_HAL_Driver\Src\stm32f1xx_hal.o
 .ARM.attributes
                0x0000007d       0x33 Drivers\STM32F1xx_HAL_Driver\Src\stm32f1xx_hal_adc.o
 .ARM.attributes
                0x000000b0       0x33 Drivers\STM32F1xx_HAL_Driver\Src\stm32f1xx_hal_adc_ex.o
 .ARM.attributes
                0x000000e3       0x33 Drivers\STM32F1xx_HAL_Driver\Src\stm32f1xx_hal_cortex.o
 .ARM.attributes
                0x00000116       0x33 Drivers\STM32F1xx_HAL_Driver\Src\stm32f1xx_hal_dma.o
 .ARM.attributes
                0x00000149       0x33 Drivers\STM32F1xx_HAL_Driver\Src\stm32f1xx_hal_gpio.o
 .ARM.attributes
                0x0000017c       0x33 Drivers\STM32F1xx_HAL_Driver\Src\stm32f1xx_hal_i2c.o
 .ARM.attributes
                0x000001af       0x33 Drivers\STM32F1xx_HAL_Driver\Src\stm32f1xx_hal_rcc.o
 .ARM.attributes
                0x000001e2       0x33 Drivers\STM32F1xx_HAL_Driver\Src\stm32f1xx_hal_rcc_ex.o
 .ARM.attributes
                0x00000215       0x33 Drivers\STM32F1xx_HAL_Driver\Src\stm32f1xx_hal_tim.o
 .ARM.attributes
                0x00000248       0x33 Drivers\STM32F1xx_HAL_Driver\Src\stm32f1xx_hal_tim_ex.o
 .ARM.attributes
                0x0000027b       0x33 Drivers\STM32F1xx_HAL_Driver\Src\stm32f1xx_hal_uart.o
 .ARM.attributes
                0x000002ae       0x33 Src\i2c-lcd.o
 .ARM.attributes
                0x000002e1       0x33 Src\main.o
 .ARM.attributes
                0x00000314       0x33 Src\stm32f1xx_hal_msp.o
 .ARM.attributes
                0x00000347       0x33 Src\stm32f1xx_it.o
 .ARM.attributes
                0x0000037a       0x33 Src\syscalls.o
 .ARM.attributes
                0x000003ad       0x33 Src\system_stm32f1xx.o
 .ARM.attributes
                0x000003e0       0x21 startup\startup_stm32f103xb.o
 .ARM.attributes
                0x00000401       0x2d d:/program files (x86)/atollic/truestudio for stm32 9.3.0/armtools/bin/../lib/gcc/arm-atollic-eabi/6.3.1/../../../../arm-atollic-eabi/lib/armv7-m\libc_nano.a(lib_a-errno.o)
 .ARM.attributes
                0x0000042e       0x2d d:/program files (x86)/atollic/truestudio for stm32 9.3.0/armtools/bin/../lib/gcc/arm-atollic-eabi/6.3.1/../../../../arm-atollic-eabi/lib/armv7-m\libc_nano.a(lib_a-impure.o)
 .ARM.attributes
                0x0000045b       0x2d d:/program files (x86)/atollic/truestudio for stm32 9.3.0/armtools/bin/../lib/gcc/arm-atollic-eabi/6.3.1/../../../../arm-atollic-eabi/lib/armv7-m\libc_nano.a(lib_a-init.o)
 .ARM.attributes
                0x00000488       0x2d d:/program files (x86)/atollic/truestudio for stm32 9.3.0/armtools/bin/../lib/gcc/arm-atollic-eabi/6.3.1/../../../../arm-atollic-eabi/lib/armv7-m\libc_nano.a(lib_a-memset.o)
 .ARM.attributes
                0x000004b5       0x2d d:/program files (x86)/atollic/truestudio for stm32 9.3.0/armtools/bin/../lib/gcc/arm-atollic-eabi/6.3.1/../../../../arm-atollic-eabi/lib/armv7-m\libc_nano.a(lib_a-sprintf.o)
 .ARM.attributes
                0x000004e2       0x2d d:/program files (x86)/atollic/truestudio for stm32 9.3.0/armtools/bin/../lib/gcc/arm-atollic-eabi/6.3.1/../../../../arm-atollic-eabi/lib/armv7-m\libc_nano.a(lib_a-nano-svfprintf.o)
 .ARM.attributes
                0x0000050f       0x2d d:/program files (x86)/atollic/truestudio for stm32 9.3.0/armtools/bin/../lib/gcc/arm-atollic-eabi/6.3.1/../../../../arm-atollic-eabi/lib/armv7-m\libc_nano.a(lib_a-nano-vfprintf_i.o)
 .ARM.attributes
                0x0000053c       0x2d d:/program files (x86)/atollic/truestudio for stm32 9.3.0/armtools/bin/../lib/gcc/arm-atollic-eabi/6.3.1/../../../../arm-atollic-eabi/lib/armv7-m\libc_nano.a(lib_a-memchr-stub.o)
 .ARM.attributes
                0x00000569       0x2d d:/program files (x86)/atollic/truestudio for stm32 9.3.0/armtools/bin/../lib/gcc/arm-atollic-eabi/6.3.1/../../../../arm-atollic-eabi/lib/armv7-m\libc_nano.a(lib_a-memcpy-stub.o)
 .ARM.attributes
                0x00000596       0x2d d:/program files (x86)/atollic/truestudio for stm32 9.3.0/armtools/bin/../lib/gcc/arm-atollic-eabi/6.3.1/../../../../arm-atollic-eabi/lib/armv7-m\libc_nano.a(lib_a-memmove.o)
 .ARM.attributes
                0x000005c3       0x2d d:/program files (x86)/atollic/truestudio for stm32 9.3.0/armtools/bin/../lib/gcc/arm-atollic-eabi/6.3.1/../../../../arm-atollic-eabi/lib/armv7-m\libc_nano.a(lib_a-nano-freer.o)
 .ARM.attributes
                0x000005f0       0x2d d:/program files (x86)/atollic/truestudio for stm32 9.3.0/armtools/bin/../lib/gcc/arm-atollic-eabi/6.3.1/../../../../arm-atollic-eabi/lib/armv7-m\libc_nano.a(lib_a-nano-mallocr.o)
 .ARM.attributes
                0x0000061d       0x2d d:/program files (x86)/atollic/truestudio for stm32 9.3.0/armtools/bin/../lib/gcc/arm-atollic-eabi/6.3.1/../../../../arm-atollic-eabi/lib/armv7-m\libc_nano.a(lib_a-nano-reallocr.o)
 .ARM.attributes
                0x0000064a       0x2d d:/program files (x86)/atollic/truestudio for stm32 9.3.0/armtools/bin/../lib/gcc/arm-atollic-eabi/6.3.1/../../../../arm-atollic-eabi/lib/armv7-m\libc_nano.a(lib_a-sbrkr.o)
 .ARM.attributes
                0x00000677       0x2d d:/program files (x86)/atollic/truestudio for stm32 9.3.0/armtools/bin/../lib/gcc/arm-atollic-eabi/6.3.1/../../../../arm-atollic-eabi/lib/armv7-m\libc_nano.a(lib_a-mlock.o)
 .ARM.attributes
                0x000006a4       0x2d d:/program files (x86)/atollic/truestudio for stm32 9.3.0/armtools/bin/../lib/gcc/arm-atollic-eabi/6.3.1/../../../../arm-atollic-eabi/lib/armv7-m\libc_nano.a(lib_a-nano-msizer.o)
 .ARM.attributes
                0x000006d1       0x2d d:/program files (x86)/atollic/truestudio for stm32 9.3.0/armtools/bin/../lib/gcc/arm-atollic-eabi/6.3.1/../../../../arm-atollic-eabi/lib/armv7-m\libc_nano.a(lib_a-reent.o)
 .ARM.attributes
                0x000006fe       0x1d d:/program files (x86)/atollic/truestudio for stm32 9.3.0/armtools/bin/../lib/gcc/arm-atollic-eabi/6.3.1/armv7-m/crtn.o
OUTPUT(Project_BluePill.elf elf32-littlearm)

.debug_info     0x00000000    0x10c7f
 .debug_info    0x00000000      0x714 Drivers\STM32F1xx_HAL_Driver\Src\stm32f1xx_hal.o
 .debug_info    0x00000714      0xc69 Drivers\STM32F1xx_HAL_Driver\Src\stm32f1xx_hal_adc.o
 .debug_info    0x0000137d      0xa03 Drivers\STM32F1xx_HAL_Driver\Src\stm32f1xx_hal_adc_ex.o
 .debug_info    0x00001d80      0xb52 Drivers\STM32F1xx_HAL_Driver\Src\stm32f1xx_hal_cortex.o
 .debug_info    0x000028d2      0x7ad Drivers\STM32F1xx_HAL_Driver\Src\stm32f1xx_hal_dma.o
 .debug_info    0x0000307f      0x69b Drivers\STM32F1xx_HAL_Driver\Src\stm32f1xx_hal_gpio.o
 .debug_info    0x0000371a     0x256a Drivers\STM32F1xx_HAL_Driver\Src\stm32f1xx_hal_i2c.o
 .debug_info    0x00005c84      0x80e Drivers\STM32F1xx_HAL_Driver\Src\stm32f1xx_hal_rcc.o
 .debug_info    0x00006492      0x443 Drivers\STM32F1xx_HAL_Driver\Src\stm32f1xx_hal_rcc_ex.o
 .debug_info    0x000068d5     0x27ea Drivers\STM32F1xx_HAL_Driver\Src\stm32f1xx_hal_tim.o
 .debug_info    0x000090bf     0x13a5 Drivers\STM32F1xx_HAL_Driver\Src\stm32f1xx_hal_tim_ex.o
 .debug_info    0x0000a464     0x14e9 Drivers\STM32F1xx_HAL_Driver\Src\stm32f1xx_hal_uart.o
 .debug_info    0x0000b94d      0x75b Src\i2c-lcd.o
 .debug_info    0x0000c0a8     0x1d0f Src\main.o
 .debug_info    0x0000ddb7     0x12e5 Src\stm32f1xx_hal_msp.o
 .debug_info    0x0000f09c      0x9b6 Src\stm32f1xx_it.o
 .debug_info    0x0000fa52      0xf16 Src\syscalls.o
 .debug_info    0x00010968      0x29b Src\system_stm32f1xx.o
 .debug_info    0x00010c03       0x7c startup\startup_stm32f103xb.o

.debug_abbrev   0x00000000     0x23c7
 .debug_abbrev  0x00000000      0x1c2 Drivers\STM32F1xx_HAL_Driver\Src\stm32f1xx_hal.o
 .debug_abbrev  0x000001c2      0x1d0 Drivers\STM32F1xx_HAL_Driver\Src\stm32f1xx_hal_adc.o
 .debug_abbrev  0x00000392      0x1f0 Drivers\STM32F1xx_HAL_Driver\Src\stm32f1xx_hal_adc_ex.o
 .debug_abbrev  0x00000582      0x2d0 Drivers\STM32F1xx_HAL_Driver\Src\stm32f1xx_hal_cortex.o
 .debug_abbrev  0x00000852      0x1f9 Drivers\STM32F1xx_HAL_Driver\Src\stm32f1xx_hal_dma.o
 .debug_abbrev  0x00000a4b      0x1bb Drivers\STM32F1xx_HAL_Driver\Src\stm32f1xx_hal_gpio.o
 .debug_abbrev  0x00000c06      0x253 Drivers\STM32F1xx_HAL_Driver\Src\stm32f1xx_hal_i2c.o
 .debug_abbrev  0x00000e59      0x23e Drivers\STM32F1xx_HAL_Driver\Src\stm32f1xx_hal_rcc.o
 .debug_abbrev  0x00001097      0x170 Drivers\STM32F1xx_HAL_Driver\Src\stm32f1xx_hal_rcc_ex.o
 .debug_abbrev  0x00001207      0x229 Drivers\STM32F1xx_HAL_Driver\Src\stm32f1xx_hal_tim.o
 .debug_abbrev  0x00001430      0x22f Drivers\STM32F1xx_HAL_Driver\Src\stm32f1xx_hal_tim_ex.o
 .debug_abbrev  0x0000165f      0x258 Drivers\STM32F1xx_HAL_Driver\Src\stm32f1xx_hal_uart.o
 .debug_abbrev  0x000018b7      0x18b Src\i2c-lcd.o
 .debug_abbrev  0x00001a42      0x291 Src\main.o
 .debug_abbrev  0x00001cd3      0x1d7 Src\stm32f1xx_hal_msp.o
 .debug_abbrev  0x00001eaa      0x16b Src\stm32f1xx_it.o
 .debug_abbrev  0x00002015      0x271 Src\syscalls.o
 .debug_abbrev  0x00002286      0x12f Src\system_stm32f1xx.o
 .debug_abbrev  0x000023b5       0x12 startup\startup_stm32f103xb.o

.debug_aranges  0x00000000     0x1160
 .debug_aranges
                0x00000000       0xe0 Drivers\STM32F1xx_HAL_Driver\Src\stm32f1xx_hal.o
 .debug_aranges
                0x000000e0       0xf0 Drivers\STM32F1xx_HAL_Driver\Src\stm32f1xx_hal_adc.o
 .debug_aranges
                0x000001d0       0x80 Drivers\STM32F1xx_HAL_Driver\Src\stm32f1xx_hal_adc_ex.o
 .debug_aranges
                0x00000250      0x100 Drivers\STM32F1xx_HAL_Driver\Src\stm32f1xx_hal_cortex.o
 .debug_aranges
                0x00000350       0x80 Drivers\STM32F1xx_HAL_Driver\Src\stm32f1xx_hal_dma.o
 .debug_aranges
                0x000003d0       0x58 Drivers\STM32F1xx_HAL_Driver\Src\stm32f1xx_hal_gpio.o
 .debug_aranges
                0x00000428      0x2a0 Drivers\STM32F1xx_HAL_Driver\Src\stm32f1xx_hal_i2c.o
 .debug_aranges
                0x000006c8       0x90 Drivers\STM32F1xx_HAL_Driver\Src\stm32f1xx_hal_rcc.o
 .debug_aranges
                0x00000758       0x30 Drivers\STM32F1xx_HAL_Driver\Src\stm32f1xx_hal_rcc_ex.o
 .debug_aranges
                0x00000788      0x3d0 Drivers\STM32F1xx_HAL_Driver\Src\stm32f1xx_hal_tim.o
 .debug_aranges
                0x00000b58      0x168 Drivers\STM32F1xx_HAL_Driver\Src\stm32f1xx_hal_tim_ex.o
 .debug_aranges
                0x00000cc0      0x200 Drivers\STM32F1xx_HAL_Driver\Src\stm32f1xx_hal_uart.o
 .debug_aranges
                0x00000ec0       0x48 Src\i2c-lcd.o
 .debug_aranges
                0x00000f08       0x68 Src\main.o
 .debug_aranges
                0x00000f70       0x68 Src\stm32f1xx_hal_msp.o
 .debug_aranges
                0x00000fd8       0x88 Src\stm32f1xx_it.o
 .debug_aranges
                0x00001060       0xb0 Src\syscalls.o
 .debug_aranges
                0x00001110       0x28 Src\system_stm32f1xx.o
 .debug_aranges
                0x00001138       0x28 startup\startup_stm32f103xb.o

.debug_ranges   0x00000000     0x1090
 .debug_ranges  0x00000000       0xd0 Drivers\STM32F1xx_HAL_Driver\Src\stm32f1xx_hal.o
 .debug_ranges  0x000000d0       0xe0 Drivers\STM32F1xx_HAL_Driver\Src\stm32f1xx_hal_adc.o
 .debug_ranges  0x000001b0       0x70 Drivers\STM32F1xx_HAL_Driver\Src\stm32f1xx_hal_adc_ex.o
 .debug_ranges  0x00000220       0xf0 Drivers\STM32F1xx_HAL_Driver\Src\stm32f1xx_hal_cortex.o
 .debug_ranges  0x00000310       0x70 Drivers\STM32F1xx_HAL_Driver\Src\stm32f1xx_hal_dma.o
 .debug_ranges  0x00000380       0x48 Drivers\STM32F1xx_HAL_Driver\Src\stm32f1xx_hal_gpio.o
 .debug_ranges  0x000003c8      0x2b8 Drivers\STM32F1xx_HAL_Driver\Src\stm32f1xx_hal_i2c.o
 .debug_ranges  0x00000680       0x80 Drivers\STM32F1xx_HAL_Driver\Src\stm32f1xx_hal_rcc.o
 .debug_ranges  0x00000700       0x20 Drivers\STM32F1xx_HAL_Driver\Src\stm32f1xx_hal_rcc_ex.o
 .debug_ranges  0x00000720      0x3c0 Drivers\STM32F1xx_HAL_Driver\Src\stm32f1xx_hal_tim.o
 .debug_ranges  0x00000ae0      0x158 Drivers\STM32F1xx_HAL_Driver\Src\stm32f1xx_hal_tim_ex.o
 .debug_ranges  0x00000c38      0x220 Drivers\STM32F1xx_HAL_Driver\Src\stm32f1xx_hal_uart.o
 .debug_ranges  0x00000e58       0x38 Src\i2c-lcd.o
 .debug_ranges  0x00000e90       0x58 Src\main.o
 .debug_ranges  0x00000ee8       0x58 Src\stm32f1xx_hal_msp.o
 .debug_ranges  0x00000f40       0x78 Src\stm32f1xx_it.o
 .debug_ranges  0x00000fb8       0xa0 Src\syscalls.o
 .debug_ranges  0x00001058       0x18 Src\system_stm32f1xx.o
 .debug_ranges  0x00001070       0x20 startup\startup_stm32f103xb.o

.debug_line     0x00000000     0x8af0
 .debug_line    0x00000000      0x3e6 Drivers\STM32F1xx_HAL_Driver\Src\stm32f1xx_hal.o
 .debug_line    0x000003e6      0x778 Drivers\STM32F1xx_HAL_Driver\Src\stm32f1xx_hal_adc.o
 .debug_line    0x00000b5e      0x5d9 Drivers\STM32F1xx_HAL_Driver\Src\stm32f1xx_hal_adc_ex.o
 .debug_line    0x00001137      0x4b6 Drivers\STM32F1xx_HAL_Driver\Src\stm32f1xx_hal_cortex.o
 .debug_line    0x000015ed      0x671 Drivers\STM32F1xx_HAL_Driver\Src\stm32f1xx_hal_dma.o
 .debug_line    0x00001c5e      0x3fa Drivers\STM32F1xx_HAL_Driver\Src\stm32f1xx_hal_gpio.o
 .debug_line    0x00002058     0x1844 Drivers\STM32F1xx_HAL_Driver\Src\stm32f1xx_hal_i2c.o
 .debug_line    0x0000389c      0x4fe Drivers\STM32F1xx_HAL_Driver\Src\stm32f1xx_hal_rcc.o
 .debug_line    0x00003d9a      0x2ed Drivers\STM32F1xx_HAL_Driver\Src\stm32f1xx_hal_rcc_ex.o
 .debug_line    0x00004087     0x1b7c Drivers\STM32F1xx_HAL_Driver\Src\stm32f1xx_hal_tim.o
 .debug_line    0x00005c03      0xd32 Drivers\STM32F1xx_HAL_Driver\Src\stm32f1xx_hal_tim_ex.o
 .debug_line    0x00006935      0xc94 Drivers\STM32F1xx_HAL_Driver\Src\stm32f1xx_hal_uart.o
 .debug_line    0x000075c9      0x29c Src\i2c-lcd.o
 .debug_line    0x00007865      0x56b Src\main.o
 .debug_line    0x00007dd0      0x370 Src\stm32f1xx_hal_msp.o
 .debug_line    0x00008140      0x332 Src\stm32f1xx_it.o
 .debug_line    0x00008472      0x3d8 Src\syscalls.o
 .debug_line    0x0000884a      0x226 Src\system_stm32f1xx.o
 .debug_line    0x00008a70       0x80 startup\startup_stm32f103xb.o

.debug_str      0x00000000     0x4fc6
 .debug_str     0x00000000      0x7c8 Drivers\STM32F1xx_HAL_Driver\Src\stm32f1xx_hal.o
                                0x831 (size before relaxing)
 .debug_str     0x000007c8      0x5db Drivers\STM32F1xx_HAL_Driver\Src\stm32f1xx_hal_adc.o
                                0x92b (size before relaxing)
 .debug_str     0x00000da3      0x2b4 Drivers\STM32F1xx_HAL_Driver\Src\stm32f1xx_hal_adc_ex.o
                                0x8db (size before relaxing)
 .debug_str     0x00001057      0x40a Drivers\STM32F1xx_HAL_Driver\Src\stm32f1xx_hal_cortex.o
                                0x992 (size before relaxing)
 .debug_str     0x00001461      0x23f Drivers\STM32F1xx_HAL_Driver\Src\stm32f1xx_hal_dma.o
                                0x6d4 (size before relaxing)
 .debug_str     0x000016a0      0x1c4 Drivers\STM32F1xx_HAL_Driver\Src\stm32f1xx_hal_gpio.o
                                0x4e3 (size before relaxing)
 .debug_str     0x00001864      0xb3e Drivers\STM32F1xx_HAL_Driver\Src\stm32f1xx_hal_i2c.o
                               0x1025 (size before relaxing)
 .debug_str     0x000023a2      0x310 Drivers\STM32F1xx_HAL_Driver\Src\stm32f1xx_hal_rcc.o
                                0x69e (size before relaxing)
 .debug_str     0x000026b2      0x12b Drivers\STM32F1xx_HAL_Driver\Src\stm32f1xx_hal_rcc_ex.o
                                0x483 (size before relaxing)
 .debug_str     0x000027dd     0x1163 Drivers\STM32F1xx_HAL_Driver\Src\stm32f1xx_hal_tim.o
                               0x16c8 (size before relaxing)
 .debug_str     0x00003940      0x5c5 Drivers\STM32F1xx_HAL_Driver\Src\stm32f1xx_hal_tim_ex.o
                                0xe79 (size before relaxing)
 .debug_str     0x00003f05      0x7bc Drivers\STM32F1xx_HAL_Driver\Src\stm32f1xx_hal_uart.o
                                0xce8 (size before relaxing)
 .debug_str     0x000046c1       0x87 Src\i2c-lcd.o
                                0x75d (size before relaxing)
 .debug_str     0x00004748      0x4c4 Src\main.o
                               0x1611 (size before relaxing)
 .debug_str     0x00004c0c       0x39 Src\stm32f1xx_hal_msp.o
                               0x1117 (size before relaxing)
 .debug_str     0x00004c45      0x10a Src\stm32f1xx_it.o
                                0xa16 (size before relaxing)
 .debug_str     0x00004d4f      0x22a Src\syscalls.o
                                0x835 (size before relaxing)
 .debug_str     0x00004f79       0x4d Src\system_stm32f1xx.o
                                0x2f4 (size before relaxing)

.comment        0x00000000       0x7c
 .comment       0x00000000       0x7c Drivers\STM32F1xx_HAL_Driver\Src\stm32f1xx_hal.o
                                 0x7d (size before relaxing)
 .comment       0x0000007c       0x7d Drivers\STM32F1xx_HAL_Driver\Src\stm32f1xx_hal_adc.o
 .comment       0x0000007c       0x7d Drivers\STM32F1xx_HAL_Driver\Src\stm32f1xx_hal_adc_ex.o
 .comment       0x0000007c       0x7d Drivers\STM32F1xx_HAL_Driver\Src\stm32f1xx_hal_cortex.o
 .comment       0x0000007c       0x7d Drivers\STM32F1xx_HAL_Driver\Src\stm32f1xx_hal_dma.o
 .comment       0x0000007c       0x7d Drivers\STM32F1xx_HAL_Driver\Src\stm32f1xx_hal_gpio.o
 .comment       0x0000007c       0x7d Drivers\STM32F1xx_HAL_Driver\Src\stm32f1xx_hal_i2c.o
 .comment       0x0000007c       0x7d Drivers\STM32F1xx_HAL_Driver\Src\stm32f1xx_hal_rcc.o
 .comment       0x0000007c       0x7d Drivers\STM32F1xx_HAL_Driver\Src\stm32f1xx_hal_rcc_ex.o
 .comment       0x0000007c       0x7d Drivers\STM32F1xx_HAL_Driver\Src\stm32f1xx_hal_tim.o
 .comment       0x0000007c       0x7d Drivers\STM32F1xx_HAL_Driver\Src\stm32f1xx_hal_tim_ex.o
 .comment       0x0000007c       0x7d Drivers\STM32F1xx_HAL_Driver\Src\stm32f1xx_hal_uart.o
 .comment       0x0000007c       0x7d Src\i2c-lcd.o
 .comment       0x0000007c       0x7d Src\main.o
 .comment       0x0000007c       0x7d Src\stm32f1xx_hal_msp.o
 .comment       0x0000007c       0x7d Src\stm32f1xx_it.o
 .comment       0x0000007c       0x7d Src\syscalls.o
 .comment       0x0000007c       0x7d Src\system_stm32f1xx.o

.debug_frame    0x00000000     0x4cf0
 .debug_frame   0x00000000      0x334 Drivers\STM32F1xx_HAL_Driver\Src\stm32f1xx_hal.o
 .debug_frame   0x00000334      0x410 Drivers\STM32F1xx_HAL_Driver\Src\stm32f1xx_hal_adc.o
 .debug_frame   0x00000744      0x204 Drivers\STM32F1xx_HAL_Driver\Src\stm32f1xx_hal_adc_ex.o
 .debug_frame   0x00000948      0x428 Drivers\STM32F1xx_HAL_Driver\Src\stm32f1xx_hal_cortex.o
 .debug_frame   0x00000d70      0x208 Drivers\STM32F1xx_HAL_Driver\Src\stm32f1xx_hal_dma.o
 .debug_frame   0x00000f78      0x14c Drivers\STM32F1xx_HAL_Driver\Src\stm32f1xx_hal_gpio.o
 .debug_frame   0x000010c4      0xc5c Drivers\STM32F1xx_HAL_Driver\Src\stm32f1xx_hal_i2c.o
 .debug_frame   0x00001d20      0x21c Drivers\STM32F1xx_HAL_Driver\Src\stm32f1xx_hal_rcc.o
 .debug_frame   0x00001f3c       0x84 Drivers\STM32F1xx_HAL_Driver\Src\stm32f1xx_hal_rcc_ex.o
 .debug_frame   0x00001fc0     0x11b8 Drivers\STM32F1xx_HAL_Driver\Src\stm32f1xx_hal_tim.o
 .debug_frame   0x00003178      0x638 Drivers\STM32F1xx_HAL_Driver\Src\stm32f1xx_hal_tim_ex.o
 .debug_frame   0x000037b0      0x918 Drivers\STM32F1xx_HAL_Driver\Src\stm32f1xx_hal_uart.o
 .debug_frame   0x000040c8       0xd8 Src\i2c-lcd.o
 .debug_frame   0x000041a0      0x15c Src\main.o
 .debug_frame   0x000042fc      0x17c Src\stm32f1xx_hal_msp.o
 .debug_frame   0x00004478      0x190 Src\stm32f1xx_it.o
 .debug_frame   0x00004608      0x2d4 Src\syscalls.o
 .debug_frame   0x000048dc       0x58 Src\system_stm32f1xx.o
 .debug_frame   0x00004934       0x20 d:/program files (x86)/atollic/truestudio for stm32 9.3.0/armtools/bin/../lib/gcc/arm-atollic-eabi/6.3.1/../../../../arm-atollic-eabi/lib/armv7-m\libc_nano.a(lib_a-errno.o)
 .debug_frame   0x00004954       0x2c d:/program files (x86)/atollic/truestudio for stm32 9.3.0/armtools/bin/../lib/gcc/arm-atollic-eabi/6.3.1/../../../../arm-atollic-eabi/lib/armv7-m\libc_nano.a(lib_a-init.o)
 .debug_frame   0x00004980       0x20 d:/program files (x86)/atollic/truestudio for stm32 9.3.0/armtools/bin/../lib/gcc/arm-atollic-eabi/6.3.1/../../../../arm-atollic-eabi/lib/armv7-m\libc_nano.a(lib_a-memset.o)
 .debug_frame   0x000049a0       0x70 d:/program files (x86)/atollic/truestudio for stm32 9.3.0/armtools/bin/../lib/gcc/arm-atollic-eabi/6.3.1/../../../../arm-atollic-eabi/lib/armv7-m\libc_nano.a(lib_a-sprintf.o)
 .debug_frame   0x00004a10       0x90 d:/program files (x86)/atollic/truestudio for stm32 9.3.0/armtools/bin/../lib/gcc/arm-atollic-eabi/6.3.1/../../../../arm-atollic-eabi/lib/armv7-m\libc_nano.a(lib_a-nano-svfprintf.o)
 .debug_frame   0x00004aa0       0x60 d:/program files (x86)/atollic/truestudio for stm32 9.3.0/armtools/bin/../lib/gcc/arm-atollic-eabi/6.3.1/../../../../arm-atollic-eabi/lib/armv7-m\libc_nano.a(lib_a-nano-vfprintf_i.o)
 .debug_frame   0x00004b00       0x28 d:/program files (x86)/atollic/truestudio for stm32 9.3.0/armtools/bin/../lib/gcc/arm-atollic-eabi/6.3.1/../../../../arm-atollic-eabi/lib/armv7-m\libc_nano.a(lib_a-memchr-stub.o)
 .debug_frame   0x00004b28       0x28 d:/program files (x86)/atollic/truestudio for stm32 9.3.0/armtools/bin/../lib/gcc/arm-atollic-eabi/6.3.1/../../../../arm-atollic-eabi/lib/armv7-m\libc_nano.a(lib_a-memcpy-stub.o)
 .debug_frame   0x00004b50       0x28 d:/program files (x86)/atollic/truestudio for stm32 9.3.0/armtools/bin/../lib/gcc/arm-atollic-eabi/6.3.1/../../../../arm-atollic-eabi/lib/armv7-m\libc_nano.a(lib_a-memmove.o)
 .debug_frame   0x00004b78       0x38 d:/program files (x86)/atollic/truestudio for stm32 9.3.0/armtools/bin/../lib/gcc/arm-atollic-eabi/6.3.1/../../../../arm-atollic-eabi/lib/armv7-m\libc_nano.a(lib_a-nano-freer.o)
 .debug_frame   0x00004bb0       0x2c d:/program files (x86)/atollic/truestudio for stm32 9.3.0/armtools/bin/../lib/gcc/arm-atollic-eabi/6.3.1/../../../../arm-atollic-eabi/lib/armv7-m\libc_nano.a(lib_a-nano-mallocr.o)
 .debug_frame   0x00004bdc       0x3c d:/program files (x86)/atollic/truestudio for stm32 9.3.0/armtools/bin/../lib/gcc/arm-atollic-eabi/6.3.1/../../../../arm-atollic-eabi/lib/armv7-m\libc_nano.a(lib_a-nano-reallocr.o)
 .debug_frame   0x00004c18       0x2c d:/program files (x86)/atollic/truestudio for stm32 9.3.0/armtools/bin/../lib/gcc/arm-atollic-eabi/6.3.1/../../../../arm-atollic-eabi/lib/armv7-m\libc_nano.a(lib_a-sbrkr.o)
 .debug_frame   0x00004c44       0x30 d:/program files (x86)/atollic/truestudio for stm32 9.3.0/armtools/bin/../lib/gcc/arm-atollic-eabi/6.3.1/../../../../arm-atollic-eabi/lib/armv7-m\libc_nano.a(lib_a-mlock.o)
 .debug_frame   0x00004c74       0x20 d:/program files (x86)/atollic/truestudio for stm32 9.3.0/armtools/bin/../lib/gcc/arm-atollic-eabi/6.3.1/../../../../arm-atollic-eabi/lib/armv7-m\libc_nano.a(lib_a-nano-msizer.o)
 .debug_frame   0x00004c94       0x5c d:/program files (x86)/atollic/truestudio for stm32 9.3.0/armtools/bin/../lib/gcc/arm-atollic-eabi/6.3.1/../../../../arm-atollic-eabi/lib/armv7-m\libc_nano.a(lib_a-reent.o)
